<?xml version="1.0" encoding="utf-8"?><testsuites><testsuite name="pytest" errors="0" failures="0" skipped="0" tests="4" time="1.844" timestamp="2023-09-18T14:03:20.866370" hostname="marlon-Z270-HD3"><testcase classname="tests.api.test_api.TestBatchPipeline" name="test_should_failed_unkown_column_1" time="0.015" /><testcase classname="tests.api.test_api.TestBatchPipeline" name="test_should_failed_unkown_column_2" time="0.003" /><testcase classname="tests.api.test_api.TestBatchPipeline" name="test_should_failed_unkown_column_3" time="0.003" /><testcase classname="tests.api.test_api.TestBatchPipeline" name="test_should_get_predict" time="0.019" /></testsuite></testsuites>